// Jest Snapshot v1, https://goo.gl/fbAQLP

exports[`lib/users getCurrentUserProfile() should return user profile data 1`] = `
Object {
  "country": "SG",
  "display_name": "Test Account",
  "email": "pottage.silt-0d@icloud.com",
  "explicit_content": Object {
    "filter_enabled": false,
    "filter_locked": false,
  },
  "external_urls": Object {
    "spotify": "https://open.spotify.com/user/31amcddtdt7u75pa3qzjukke6iiu",
  },
  "followers": Object {
    "href": null,
    "total": 0,
  },
  "href": "https://api.spotify.com/v1/users/31amcddtdt7u75pa3qzjukke6iiu",
  "id": "31amcddtdt7u75pa3qzjukke6iiu",
  "images": Array [],
  "product": "open",
  "type": "user",
  "uri": "spotify:user:31amcddtdt7u75pa3qzjukke6iiu",
}
`;
